aihua1
aihua10
aihua11
aihua12
aihua13
aihua14
aihua15
aihua2
aihua3
aihua4
aihua6
aihua7
aihua8
aihua9
alexandrm1
alexandrm10
alexandrm11
alexandrm12
alexandrm13
alexandrm14
alexandrm15
alexandrm2
alexandrm3
alexandrm4
alexandrm5
alexandrm6
alexandrm8
alexandrm9
cl_he1
cl_he10
cl_he11
cl_he13
cl_he14
cl_he15
cl_he2
cl_he3
cl_he4
cl_he5
cl_he6
cl_he7
cl_he8
cl_he9
emily1
emily10
emily11
emily12
emily13
emily14
emily15
emily3
emily4
emily5
emily6
emily7
emily8
emily9
graham1
graham10
graham11
graham12
graham2
graham3
graham4
graham5
graham6
graham7
graham8
graham9
ian1
ian10
ian11
ian12
ian13
ian14
ian2
ian3
ian4
ian5
ian6
ian7
ian8
ian9
ira1
ira2
ira3
jihed1
jihed2
jim1
jim10
jim11
jim12
jim13
jim14
jim15
jim2
jim3
jim4
jim5
jim7
jim8
jim9
jimmy1
jimmy2
ke1
ke10
ke11
ke12
ke13
ke14
ke15
ke2
ke3
ke4
ke5
ke6
ke8
ke9
madhumita1
madhumita2
madhumita3
michelle10
michelle11
michelle12
michelle13
michelle14
michelle15
michelle2
michelle3
michelle4
michelle5
michelle6
michelle7
michelle8
michelle9
nick10
nick2
nick3
nick4
nick5
nick6
nick7
nick8
nick9
rhcp1
rhcp2
rhcp3
rhcp4
rhcp5
rhcp6
rhcp7
rhcp8
rita1
rita10
rita11
rita12
rita13
rita14
rita15
rita2
rita3
rita4
rita5
rita7
rita8
rita9
sei-assimilator
sei-borg-detector-array
sei-borg-torpedo-turret
sei-colony-ship
sei-cube
sei-diamond
sei-diamond2
sei-fusion-cube
sei-harmonic-defender
sei-nexus
sei-tactical-cube
sei-tactical-fusion-cube
sei-tech-assimilator
sei-transwarp-gate
serge-family-cardholder
serge-fed-adv-shipyard
serge-fed-sci-station
serge-fed-starbase
serge-fed-trade-station
serge-good-standing
serge-insured-person
serge-master-card
serge-mysterious-disappearance
serge-primary-cardholder
serge-pulse-cannon
serge-spouse
serguei1
sergueiandhismom
sfang1
sfang10
sfang11
sfang12
sfang13
sfang14
sfang15
sfang2
sfang3
sfang4
sfang5
sfang6
sfang8
sfang9
shabana1
shabana2
shabana3
shabana4
shabana5
shabana6
shabana7
shivani1
shivani10
shivani11
shivani12
shivani13
shivani14
shivani15
shivani2
shivani3
shivani4
shivani6
shivani7
shivani8
shivani9
steve1
steve-train1
steve-train10
steve-train11
steve-train12
steve-train2
steve-train3
steve-train4
steve-train5
steve-train6
steve-train7
steve-train8
suen1
suen2
sx1
sx10
sx11
sx12
sx13
sx14
sx15
sx2
sx3
sx4
sx5
sx6
sx7
sx8
sx9
talal1
talal10
talal11
talal12
talal13
talal14
talal15
talal2
talal3
talal4
talal5
talal6
talal8
talal9
vanh1
vanh2
vanh3
vanh4
vanh5
vanh6
vanh7
vanh8
yinglu10
yinglu11
yinglu12jp
yinglu13zh
yinglu14
yinglu15
yinglu2
yinglu3
yinglu4
yinglu5
yinglu6
yinglu7
yinglu8
yinglu9
